[debug] [2026-05-19T13:49:39.268Z] ----------------------------------------------------------------------
[debug] [2026-05-19T13:49:39.279Z] Command:       C:\Program Files\nodejs\node.exe C:\Users\USER\AppData\Roaming\npm\node_modules\firebase-tools\lib\bin\firebase.js init hosting
[debug] [2026-05-19T13:49:39.280Z] CLI Version:   15.18.0
[debug] [2026-05-19T13:49:39.281Z] Platform:      win32
[debug] [2026-05-19T13:49:39.282Z] Node Version:  v22.17.0
[debug] [2026-05-19T13:49:39.283Z] Time:          Tue May 19 2026 14:49:39 GMT+0100 (West Africa Standard Time)
[debug] [2026-05-19T13:49:39.284Z] ----------------------------------------------------------------------
[debug] 
[info] 
     ######## #### ########  ######## ########     ###     ######  ########
     ##        ##  ##     ## ##       ##     ##  ##   ##  ##       ##
     ######    ##  ########  ######   ########  #########  ######  ######
     ##        ##  ##    ##  ##       ##     ## ##     ##       ## ##
     ##       #### ##     ## ######## ########  ##     ##  ######  ########

You're about to initialize a Firebase project in this directory:

  C:\Users\USER\OneDrive\Desktop\OICHUB\contract_projects\Ogbon-Agbe

[info] 
=== Project Setup
[info] 
[info] First, let's associate this project directory with a Firebase project.
[info] You can create multiple project aliases by running firebase use --add, 
[info] 
[debug] [2026-05-19T13:49:55.091Z] > command requires scopes: ["email","openid","https://www.googleapis.com/auth/cloudplatformprojects.readonly","https://www.googleapis.com/auth/firebase","https://www.googleapis.com/auth/cloud-platform"]
[debug] [2026-05-19T13:49:55.092Z] > authorizing via signed-in user (adeoyeaisha533@gmail.com)
[debug] [2026-05-19T13:49:55.097Z] Checked if tokens are valid: true, expires at: 1779201789821
[debug] [2026-05-19T13:49:55.098Z] Checked if tokens are valid: true, expires at: 1779201789821
[debug] [2026-05-19T13:49:55.106Z] >>> [apiv2][query] GET https://firebase.googleapis.com/v1beta1/projects pageSize=100
[debug] [2026-05-19T13:49:55.297Z] *** [apiv2] error from fetch(https://firebase.googleapis.com/v1beta1/projects?pageSize=100, {"headers":{},"method":"GET","signal":{"reason":""}}): FetchError: request to https://firebase.googleapis.com/v1beta1/projects?pageSize=100 failed, reason: getaddrinfo ENOTFOUND firebase.googleapis.com
[debug] [2026-05-19T13:49:55.297Z] Failed to make request to https://firebase.googleapis.com/v1beta1/projects?pageSize=100
[debug] [2026-05-19T13:49:55.314Z] FirebaseError: Failed to make request to https://firebase.googleapis.com/v1beta1/projects?pageSize=100
    at RetryOperation._fn (C:\Users\USER\AppData\Roaming\npm\node_modules\firebase-tools\lib\apiv2.js:282:31)
    at process.processTicksAndRejections (node:internal/process/task_queues:105:5)
[error] 
[error] Error: Failed to list Firebase projects. See firebase-debug.log for more info.
